// Jest Snapshot v1, https://goo.gl/fbAQLP

exports[`Login Page should render correctly 1`] = `
<Login>
  <Container
    className="login"
    fluid={true}
  >
    <div
      className="login container-fluid"
    >
      <ForwardRef
        noGutters={false}
      >
        <div
          className="row"
        >
          <Col
            className="login-description"
            md={7}
          >
            <div
              className="login-description col-md-7"
            >
              <div
                className="login-heading"
              >
                App Name
              </div>
              <div
                className="cover-image-wrapper"
              >
                <img
                  className="cover-image"
                  src="cover.svg"
                  width="70%"
                />
              </div>
            </div>
          </Col>
          <Col
            className="login-form"
            md={5}
          >
            <div
              className="login-form col-md-5"
            >
              <form
                onSubmit={[Function]}
              >
                <div
                  className="login-message"
                >
                  Let's Get Started!
                </div>
                <input
                  autoFocus={true}
                  className="login-field"
                  name="username"
                  onChange={[Function]}
                  placeholder="Username"
                  type="text"
                  value=""
                />
                <input
                  className="login-field"
                  name="password"
                  onChange={[Function]}
                  placeholder="Password"
                  type="password"
                  value=""
                />
                <input
                  className="login-field"
                  name="passwordReentry"
                  onChange={[Function]}
                  placeholder="Re-enter Password"
                  type="password"
                  value=""
                />
                <span
                  className="login-error-message"
                />
                <button
                  className="login-button"
                  type="submit"
                >
                  Sign up
                </button>
              </form>
              <div
                className="login-secondary-options"
              >
                <span
                  className="login-secondary-options-text"
                >
                  Already have account?
                </span>
                <button
                  className="login-secondary-button"
                  onClick={[Function]}
                  type="submit"
                >
                  Sign in
                </button>
              </div>
            </div>
          </Col>
        </div>
      </ForwardRef>
    </div>
  </Container>
</Login>
`;
